******************************************************************************
               TMS320C6x Linker PC v8.3.12                     
******************************************************************************
>> Linked Sat May  7 21:37:40 2022

OUTPUT FILE NAME:   <SPIFlashWriter.out>
ENTRY POINT SYMBOL: "_c_int00"  address: 8000e280


MEMORY CONFIGURATION

         name            origin    length      used     unused   attr    fill
----------------------  --------  ---------  --------  --------  ----  --------
  DSPL2RAM              11800000   00040000  00000000  00040000  RWIX
  SHRAM                 80000000   00020000  00011742  0000e8be  RWIX
  DDR2                  c0000000   08000000  00000000  08000000  RWIX


SEGMENT ALLOCATION MAP

run origin  load origin   length   init length attrs members
----------  ----------- ---------- ----------- ----- -------
80000000    80000000    0000eac0   0000eac0    r-x
  80000000    80000000    0000eac0   0000eac0    r-x .text
8000eac0    8000eac0    00002000   00000000    rw-
  8000eac0    8000eac0    00001000   00000000    rw- .stack
  8000fac0    8000fac0    00001000   00000000    rw- .sysmem
80010ac0    80010ac0    00000546   00000546    r--
  80010ac0    80010ac0    00000546   00000546    r-- .const
80011008    80011008    00000590   00000000    rw-
  80011008    80011008    00000324   00000000    rw- .fardata
  8001132c    8001132c    00000004   00000000    rw- .bss
  80011330    80011330    00000148   00000000    rw- .far
  80011478    80011478    00000120   00000000    rw- .cio
80011598    80011598    000001b0   000001b0    r--
  80011598    80011598    00000104   00000104    r-- .switch
  800116a0    800116a0    000000a8   000000a8    r-- .cinit


SECTION ALLOCATION MAP

 output                                  attributes/
section   page    origin      length       input sections
--------  ----  ----------  ----------   ----------------
.text      0    80000000    0000eac0     
                  80000000    000020c0     rts6740_elf.lib : _printfi.c.obj (.text:__TI_printfi)
                  800020c0    00002080                     : _scanfi.c.obj (.text:__TI_scanfi)
                  80004140    00001100     device.obj (.text)
                  80005240    00000e40     spi_mem.obj (.text)
                  80006080    00000920     rts6740_elf.lib : strtod.c.obj (.text:strtod)
                  800069a0    000006e0     spi.obj (.text)
                  80007080    00000660     rts6740_elf.lib : _printfi.c.obj (.text:_pconv_a)
                  800076e0    00000600                     : divd.c.obj (.text:__c6xabi_divd)
                  80007ce0    00000500     spiwriter.obj (.text)
                  800081e0    000004c0     rts6740_elf.lib : strtoll.c.obj (.text:strtoll)
                  800086a0    00000440                     : strtoull.c.obj (.text:strtoull)
                  80008ae0    00000400                     : _printfi.c.obj (.text:_pconv_g)
                  80008ee0    000003c0                     : memory.c.obj (.text:free)
                  800092a0    000003a0                     : strtol.c.obj (.text:strtol)
                  80009640    00000300     debug.obj (.text)
                  80009940    00000300     rts6740_elf.lib : strtoul.c.obj (.text:strtoul)
                  80009c40    000002e0                     : fputs.c.obj (.text:fputs)
                  80009f20    000002a0                     : _printfi.c.obj (.text:_pconv_e)
                  8000a1c0    000002a0                     : _printfi.c.obj (.text:fcvt)
                  8000a460    00000260                     : imath64.c.obj (.text:__c6xabi_divull)
                  8000a6c0    00000240                     : fread.c.obj (.text:fread)
                  8000a900    00000220                     : open.c.obj (.text:open)
                  8000ab20    00000200                     : _printfi.c.obj (.text:_ltostr)
                  8000ad20    000001c0                     : imath40.c.obj (.text:__c6xabi_divul)
                  8000aee0    000001c0                     : fopen.c.obj (.text:_openfile)
                  8000b0a0    000001c0                     : fputc.c.obj (.text:fputc)
                  8000b260    000001c0                     : frexp.c.obj (.text:frexp)
                  8000b420    000001c0                     : ldexp.c.obj (.text:ldexp)
                  8000b5e0    000001c0                     : memory.c.obj (.text:malloc)
                  8000b7a0    000001c0                     : setvbuf.c.obj (.text:setvbuf)
                  8000b960    000001a0                     : hostrename.c.obj (.text:HOSTrename)
                  8000bb00    000001a0     util.obj (.text)
                  8000bca0    00000180     rts6740_elf.lib : fscanf.c.obj (.text:_chkmbc)
                  8000be20    00000160                     : _bufread.c.obj (.text:__TI_buff_read)
                  8000bf80    00000140                     : _scanfi.c.obj (.text:_sproc_str)
                  8000c0c0    00000140                     : _scanfi.c.obj (.text:_sproc_wstr)
                  8000c200    00000140                     : fgetc.c.obj (.text:fgetc)
                  8000c340    00000120                     : _printfi.c.obj (.text:_pconv_f)
                  8000c460    00000120                     : fopen.c.obj (.text:fopen)
                  8000c580    00000120                     : getdevice.c.obj (.text:getdevice)
                  8000c6a0    00000100                     : fclose.c.obj (.text:__TI_closefile)
                  8000c7a0    00000100                     : copy_decompress_rle.c.obj (.text:__TI_decompress_rle_core)
                  8000c8a0    00000100                     : _printfi.c.obj (.text:_mcpy)
                  8000c9a0    00000100                     : atoi.c.obj (.text:atoi)
                  8000caa0    00000100                     : fflush.c.obj (.text:fflush)
                  8000cba0    00000100                     : fseek.c.obj (.text:fseek)
                  8000cca0    00000100                     : ftell.c.obj (.text:ftell)
                  8000cda0    00000100                     : ungetc.c.obj (.text:ungetc)
                  8000cea0    000000e0                     : hostlseek.c.obj (.text:HOSTlseek)
                  8000cf80    000000e0                     : hostopen.c.obj (.text:HOSTopen)
                  8000d060    000000e0                     : hostwrite.c.obj (.text:HOSTwrite)
                  8000d140    000000e0                     : _ltoa.c.obj (.text:__TI_ltoa)
                  8000d220    000000e0                     : _io_perm.c.obj (.text:__TI_wrt_ok)
                  8000d300    000000e0                     : close.c.obj (.text:close)
                  8000d3e0    000000e0                     : exit.c.obj (.text:exit)
                  8000d4c0    000000e0                     : memset.c.obj (.text:memset)
                  8000d5a0    000000e0                     : printf.c.obj (.text:printf)
                  8000d680    000000e0                     : fscanf.c.obj (.text:scanf)
                  8000d760    000000c0                     : hostread.c.obj (.text:HOSTread)
                  8000d820    000000c0                     : hostunlink.c.obj (.text:HOSTunlink)
                  8000d8e0    000000c0                     : autoinit.c.obj (.text:__TI_auto_init_nobinit_nopinit:__TI_auto_init_nobinit_nopinit)
                  8000d9a0    000000c0                     : divu.asm.obj (.text:__divu)
                  8000da60    000000c0                     : memory.c.obj (.text:mremove)
                  8000db20    000000c0                     : tls.c.obj (.text:tls:init:__TI_tls_init)
                  8000dbe0    000000a0                     : hostclose.c.obj (.text:HOSTclose)
                  8000dc80    000000a0                     : fopen.c.obj (.text:__TI_cleanup)
                  8000dd20    000000a0                     : fflush.c.obj (.text:__TI_doflush)
                  8000ddc0    000000a0                     : _io_perm.c.obj (.text:__TI_rd_ok)
                  8000de60    000000a0                     : remu.asm.obj (.text:__remu)
                  8000df00    000000a0                     : _printfi.c.obj (.text:_ecpy)
                  8000dfa0    000000a0                     : getdevice.c.obj (.text:finddevice)
                  8000e040    000000a0                     : memcpy64.asm.obj (.text:memcpy)
                  8000e0e0    000000a0                     : memory.c.obj (.text:minsert)
                  8000e180    00000080                     : trgmsg.c.obj (.text:__TI_readmsg)
                  8000e200    00000080                     : llshift.c.obj (.text:__c6xabi_llshl)
                  8000e280    00000080                     : boot.c.obj (.text:_c_int00)
                  8000e300    00000080                     : fclose.c.obj (.text:fclose)
                  8000e380    00000080                     : unlink.c.obj (.text:unlink)
                  8000e400    00000060                     : trgmsg.c.obj (.text:__TI_writemsg)
                  8000e460    00000060                     : llshift.c.obj (.text:__c6xabi_llshru)
                  8000e4c0    00000060                     : imath64.c.obj (.text:__c6xabi_remull)
                  8000e520    00000060                     : imath64.c.obj (.text:_subcull)
                  8000e580    00000060                     : lseek.c.obj (.text:lseek)
                  8000e5e0    00000060                     : memccpy.c.obj (.text:memccpy)
                  8000e640    00000060                     : read.c.obj (.text:read)
                  8000e6a0    00000060                     : strcmp.c.obj (.text:strcmp)
                  8000e700    00000060                     : _scanfi.c.obj (.text:strrchr)
                  8000e760    00000060                     : write.c.obj (.text:write)
                  8000e7c0    00000040                     : frcmpyd_div.c.obj (.text:__TI_frcmpyd_div)
                  8000e800    00000040                     : isinf.c.obj (.text:__c6xabi_isinf)
                  8000e840    00000040                     : _printfi.c.obj (.text:__c6xabi_isnan)
                  8000e880    00000040                     : args_main.c.obj (.text:_args_main)
                  8000e8c0    00000040                     : wcslen.c.obj (.text:wcslen)
                  8000e900    00000020                     : errno.c.obj (.text:__c6xabi_errno_addr)
                  8000e920    00000020                     : push.asm.obj (.text:__pop_rts)
                  8000e940    00000020                     : push.asm.obj (.text:__push_rts)
                  8000e960    00000020                     : fscanf.c.obj (.text:_inpchar)
                  8000e980    00000020                     : _lock.c.obj (.text:_nop)
                  8000e9a0    00000020                     : printf.c.obj (.text:_outc)
                  8000e9c0    00000020                     : printf.c.obj (.text:_outs)
                  8000e9e0    00000020                     : signbit.c.obj (.text:_signbit)
                  8000ea00    00000020                     : startup.c.obj (.text:_system_post_cinit)
                  8000ea20    00000020                     : pre_init.c.obj (.text:_system_pre_init)
                  8000ea40    00000020                     : fscanf.c.obj (.text:_uninpchar)
                  8000ea60    00000020                     : exit.c.obj (.text:abort)
                  8000ea80    00000020                     : copy_decompress_none.c.obj (.text:decompress:none:__TI_decompress_none)
                  8000eaa0    00000020                     : copy_decompress_rle.c.obj (.text:decompress:rle24:__TI_decompress_rle24)

.stack     0    8000eac0    00001000     UNINITIALIZED
                  8000eac0    00000008     rts6740_elf.lib : boot.c.obj (.stack)
                  8000eac8    00000ff8     --HOLE--

.cio       0    80011478    00000120     UNINITIALIZED
                  80011478    00000120     rts6740_elf.lib : trgmsg.c.obj (.cio)

.const     0    80010ac0    00000546     
                  80010ac0    000002b0     spiwriter.obj (.const:.string)
                  80010d70    00000101     rts6740_elf.lib : ctype.c.obj (.const:.string:_ctypes_)
                  80010e71    00000004     spi.obj (.const:DEFAULT_SPI_CONFIG)
                  80010e75    00000003     --HOLE-- [fill = 0]
                  80010e78    00000080     rts6740_elf.lib : strtod.c.obj (.const:digits)
                  80010ef8    00000048                     : strtod.c.obj (.const:powerof10)
                  80010f40    00000024                     : _printfi.c.obj (.const:.string)
                  80010f64    00000004     device_spi.obj (.const:DEVICE_SPI_config)
                  80010f68    00000020     device.obj (.const:.string:LOCAL_bootModeLUT)
                  80010f88    00000018     spi_mem.obj (.const:.string)
                  80010fa0    00000014     device_spi.obj (.const:DEVICE_SPI_MEM_params)
                  80010fb4    00000010     debug.obj (.const:.string)
                  80010fc4    00000010     rts6740_elf.lib : _scanfi.c.obj (.const:.string)
                  80010fd4    00000004     spi.obj (.const)
                  80010fd8    0000000a     device.obj (.const:.string:devString)
                  80010fe2    00000006     --HOLE-- [fill = 0]
                  80010fe8    00000008     device_spi.obj (.const:DEVICE_SPI_baseAddr)
                  80010ff0    00000008     device_spi.obj (.const)
                  80010ff8    00000007     rts6740_elf.lib : _scanfi.c.obj (.const:.string:flit$1)
                  80010fff    00000001     --HOLE-- [fill = 0]
                  80011000    00000006                     : _scanfi.c.obj (.const:.string:barr$2)

.sysmem    0    8000fac0    00001000     UNINITIALIZED
                  8000fac0    00000008     rts6740_elf.lib : memory.c.obj (.sysmem)
                  8000fac8    00000ff8     --HOLE--

.switch    0    80011598    00000104     
                  80011598    0000005c     rts6740_elf.lib : _scanfi.c.obj (.switch:__TI_scanfi)
                  800115f4    00000050     device.obj (.switch:DEVICE_bootPeripheral)
                  80011644    00000038     rts6740_elf.lib : _printfi.c.obj (.switch:__TI_printfi)
                  8001167c    00000020     spi.obj (.switch:LOCAL_setupMode)

.cinit     0    800116a0    000000a8     
                  800116a0    0000006f     (.cinit..fardata.load) [load image, compression = rle]
                  8001170f    0000000b     (.cinit..far.load) [load image, compression = rle]
                  8001171a    00000009     (.cinit..bss.load) [load image, compression = rle]
                  80011723    00000001     --HOLE-- [fill = 0]
                  80011724    00000008     (__TI_handler_table)
                  8001172c    00000004     --HOLE-- [fill = 0]
                  80011730    00000018     (__TI_cinit_table)

.init_array 
*          0    80000000    00000000     UNINITIALIZED

.fardata   0    80011008    00000324     UNINITIALIZED
                  80011008    000001e0     rts6740_elf.lib : defs.c.obj (.fardata:_ftable)
                  800111e8    000000a0                     : write.c.obj (.fardata:_stream)
                  80011288    00000078                     : write.c.obj (.fardata:_device)
                  80011300    0000000c                     : exit.c.obj (.fardata)
                  8001130c    00000008                     : memory.c.obj (.fardata)
                  80011314    00000004                     : _lock.c.obj (.fardata:_lock)
                  80011318    00000004                     : _lock.c.obj (.fardata:_unlock)
                  8001131c    00000004                     : defs.c.obj (.fardata)
                  80011320    00000004                     : errno.c.obj (.fardata)
                  80011324    00000004                     : fopen.c.obj (.fardata)
                  80011328    00000004                     : open.c.obj (.fardata)

.neardata 
*          0    8001132c    00000000     UNINITIALIZED

.rodata    0    8001132c    00000000     UNINITIALIZED

.bss       0    8001132c    00000004     UNINITIALIZED
                  8001132c    00000004     util.obj (.bss)

.far       0    80011330    00000148     UNINITIALIZED
                  80011330    00000140     (.common:__TI_tmpnams)
                  80011470    00000008     (.common:parmbuf)

.extram    0    c0000000    04000000     DSECT
                  c0000000    04000000     --HOLE--

MODULE SUMMARY

       Module                       code    ro data   rw data
       ------                       ----    -------   -------
    .\
       device.obj                   4352    122       0      
       spi_mem.obj                  3648    24        0      
       spiwriter.obj                1280    688       0      
       spi.obj                      1760    40        0      
       debug.obj                    768     16        0      
       util.obj                     416     0         4      
       device_spi.obj               0       40        0      
    +--+----------------------------+-------+---------+---------+
       Total:                       12224   930       4      
                                                             
    C:\ti\ti-cgt-c6000_8.3.12\lib\rts6740_elf.lib
       _printfi.c.obj               13664   92        0      
       _scanfi.c.obj                9056    121       0      
       strtod.c.obj                 2336    200       0      
       memory.c.obj                 1760    0         8      
       divd.c.obj                   1536    0         0      
       strtoll.c.obj                1216    0         0      
       strtoull.c.obj               1088    0         0      
       strtol.c.obj                 928     0         0      
       fopen.c.obj                  896     0         4      
       defs.c.obj                   0       0         804    
       imath64.c.obj                800     0         0      
       strtoul.c.obj                768     0         0      
       fputs.c.obj                  736     0         0      
       fscanf.c.obj                 672     0         0      
       fread.c.obj                  576     0         0      
       open.c.obj                   544     0         4      
       trgmsg.c.obj                 224     0         288    
       fputc.c.obj                  448     0         0      
       frexp.c.obj                  448     0         0      
       getdevice.c.obj              448     0         0      
       imath40.c.obj                448     0         0      
       ldexp.c.obj                  448     0         0      
       setvbuf.c.obj                448     0         0      
       fflush.c.obj                 416     0         0      
       hostrename.c.obj             416     0         0      
       _io_perm.c.obj               384     0         0      
       fclose.c.obj                 384     0         0      
       write.c.obj                  96      0         280    
       _bufread.c.obj               352     0         0      
       fgetc.c.obj                  320     0         0      
       copy_decompress_rle.c.obj    288     0         0      
       printf.c.obj                 288     0         0      
       exit.c.obj                   256     0         12     
       ctype.c.obj                  0       257       0      
       atoi.c.obj                   256     0         0      
       fseek.c.obj                  256     0         0      
       ftell.c.obj                  256     0         0      
       ungetc.c.obj                 256     0         0      
       hostopen.c.obj               224     0         8      
       _ltoa.c.obj                  224     0         0      
       close.c.obj                  224     0         0      
       hostlseek.c.obj              224     0         0      
       hostwrite.c.obj              224     0         0      
       llshift.c.obj                224     0         0      
       memset.c.obj                 224     0         0      
       autoinit.c.obj               192     0         0      
       divu.asm.obj                 192     0         0      
       hostread.c.obj               192     0         0      
       hostunlink.c.obj             192     0         0      
       tls.c.obj                    192     0         0      
       hostclose.c.obj              160     0         0      
       memcpy64.asm.obj             160     0         0      
       remu.asm.obj                 160     0         0      
       boot.c.obj                   128     0         0      
       unlink.c.obj                 128     0         0      
       lseek.c.obj                  96      0         0      
       memccpy.c.obj                96      0         0      
       read.c.obj                   96      0         0      
       strcmp.c.obj                 96      0         0      
       args_main.c.obj              64      0         0      
       frcmpyd_div.c.obj            64      0         0      
       isinf.c.obj                  64      0         0      
       push.asm.obj                 64      0         0      
       wcslen.c.obj                 64      0         0      
       _lock.c.obj                  32      0         8      
       errno.c.obj                  32      0         4      
       copy_decompress_none.c.obj   32      0         0      
       pre_init.c.obj               32      0         0      
       signbit.c.obj                32      0         0      
       startup.c.obj                32      0         0      
    +--+----------------------------+-------+---------+---------+
       Total:                       47872   670       1420   
                                                             
       Heap:                        0       0         4096   
       Stack:                       0       0         4096   
       Linker Generated:            0       163       0      
    +--+----------------------------+-------+---------+---------+
       Grand Total:                 60096   1763      9616   


LINKER GENERATED COPY TABLES

__TI_cinit_table @ 80011730 records: 3, size/record: 8, table size: 24
	.fardata: load addr=800116a0, load size=0000006f bytes, run addr=80011008, run size=00000324 bytes, compression=rle
	.far: load addr=8001170f, load size=0000000b bytes, run addr=80011330, run size=00000148 bytes, compression=rle
	.bss: load addr=8001171a, load size=00000009 bytes, run addr=8001132c, run size=00000004 bytes, compression=rle


LINKER GENERATED HANDLER TABLE

__TI_handler_table @ 80011724 records: 2, size/record: 4, table size: 8
	index: 0, handler: __TI_decompress_rle24
	index: 1, handler: __TI_decompress_none


GLOBAL SYMBOLS: SORTED ALPHABETICALLY BY Name 

address   name                           
-------   ----                           
8000ea60  C$$EXIT                        
8000e458  C$$IO$$                        
80009658  DEBUG_printHexInt              
80009684  DEBUG_printInt                 
80009640  DEBUG_printString              
800096d4  DEBUG_readChar                 
80009700  DEBUG_readHexInt               
800096ac  DEBUG_readString               
80010e71  DEFAULT_SPI_CONFIG             
80004d88  DEVICE_AsyncMemInit            
80004b80  DEVICE_ExternalMemInit         
80005060  DEVICE_I2CInit                 
800041c8  DEVICE_LPSCTransition          
80004738  DEVICE_PLL0Init                
800049a4  DEVICE_PLL1Init                
80004368  DEVICE_PSCInit                 
80005114  DEVICE_SDMMCInit               
80004e60  DEVICE_SPIInit                 
80010fa0  DEVICE_SPI_MEM_params          
80010fe8  DEVICE_SPI_baseAddr            
80010f64  DEVICE_SPI_config              
80005218  DEVICE_TIMER0Init              
80005224  DEVICE_TIMER0Start             
80005234  DEVICE_TIMER0Status            
8000522c  DEVICE_TIMER0Stop              
80004f48  DEVICE_UARTInit                
800046c0  DEVICE_bootMode                
8000462c  DEVICE_bootPeripheral          
800041a0  DEVICE_chipRevIDType           
8000470c  DEVICE_emifBusWidth            
80004140  DEVICE_init                    
8000460c  DEVICE_kickLock                
800045d8  DEVICE_kickUnlock              
8000432c  DEVICE_pinmuxControl           
c4000000  EXTERNAL_RAM_END               
04000000  EXTERNAL_RAM_SIZE              
c0000000  EXTERNAL_RAM_START             
8000dbe0  HOSTclose                      
8000cea0  HOSTlseek                      
8000cf80  HOSTopen                       
8000d760  HOSTread                       
8000b960  HOSTrename                     
8000d820  HOSTunlink                     
8000d060  HOSTwrite                      
80005844  SPI_MEM_eraseBytes             
800057ec  SPI_MEM_globalErase            
80005240  SPI_MEM_open                   
80005524  SPI_MEM_readBytes              
80005760  SPI_MEM_verifyBytes            
80005c80  SPI_MEM_verifyErase            
800055a8  SPI_MEM_writeBytes             
80006e6c  SPI_disableCS                  
80006e20  SPI_enableCS                   
800069a0  SPI_open                       
80006ae0  SPI_readBytes                  
80006aa8  SPI_reset                      
80006bd4  SPI_writeBytes                 
80006cc4  SPI_xferBytes                  
80006da8  SPI_xferOneChar                
8000bb28  UTIL_allocMem                  
8000bb90  UTIL_callocMem                 
8000bb00  UTIL_getCurrMemPtr             
8000bbe4  UTIL_memcpy                    
8000bb0c  UTIL_setCurrMemPtr             
8000bc30  UTIL_waitLoop                  
8000bc6c  UTIL_waitLoopAccurate          
80011478  __CIOBUF_                      
80011730  __TI_CINIT_Base                
80011748  __TI_CINIT_Limit               
80011724  __TI_Handler_Table_Base        
8001172c  __TI_Handler_Table_Limit       
8000fac0  __TI_STACK_END                 
00001000  __TI_STACK_SIZE                
8001132c  __TI_STATIC_BASE               
00001000  __TI_SYSMEM_SIZE               
UNDEFED   __TI_TLS_INIT_Base             
UNDEFED   __TI_TLS_INIT_Limit            
8000d8e0  __TI_auto_init_nobinit_nopinit 
8000be20  __TI_buff_read                 
8000dc80  __TI_cleanup                   
80011300  __TI_cleanup_ptr               
8000c6a0  __TI_closefile                 
8000ea80  __TI_decompress_none           
8000eaa0  __TI_decompress_rle24          
8000dd20  __TI_doflush                   
80011304  __TI_dtors_ptr                 
80011308  __TI_enable_exit_profile_output
8000e7c0  __TI_frcmpyd_div               
8001131c  __TI_ft_end                    
8000d140  __TI_ltoa                      
ffffffff  __TI_pprof_out_hndl            
80000000  __TI_printfi                   
ffffffff  __TI_prof_data_size            
ffffffff  __TI_prof_data_start           
8000ddc0  __TI_rd_ok                     
8000e180  __TI_readmsg                   
800020c0  __TI_scanfi                    
8000db20  __TI_tls_init                  
80011330  __TI_tmpnams                   
8000e400  __TI_writemsg                  
8000d220  __TI_wrt_ok                    
ffffffff  __binit__                      
800076e0  __c6xabi_divd                  
8000d9a0  __c6xabi_divu                  
8000ad20  __c6xabi_divul                 
8000a460  __c6xabi_divull                
8000e900  __c6xabi_errno_addr            
8000e800  __c6xabi_isinf                 
8000e200  __c6xabi_llshl                 
8000e460  __c6xabi_llshru                
8000e920  __c6xabi_pop_rts               
8000e940  __c6xabi_push_rts              
8000de60  __c6xabi_remu                  
8000e4c0  __c6xabi_remull                
ffffffff  __c_args__                     
8000d9a0  __divu                         
80011320  __errno                        
8000e920  __pop_rts                      
8000e940  __push_rts                     
8000de60  __remu                         
8000e880  _args_main                     
8000e280  _c_int00                       
80010d70  _ctypes_                       
80011288  _device                        
80011008  _ftable                        
80011314  _lock                          
8000e980  _nop                           
8000e9e0  _signbit                       
8000eac0  _stack                         
800111e8  _stream                        
8000e520  _subcull                       
8000fac0  _sys_memory                    
8000ea00  _system_post_cinit             
8000ea20  _system_pre_init               
80011318  _unlock                        
8000ea60  abort                          
8000c9a0  atoi                           
ffffffff  binit                          
8000d300  close                          
80010fd8  devString                      
80011320  errno                          
8000d3e0  exit                           
8000e300  fclose                         
8000caa0  fflush                         
8000c200  fgetc                          
8000dfa0  finddevice                     
8000c460  fopen                          
8000b0a0  fputc                          
80009c40  fputs                          
8000a6c0  fread                          
80008ee0  free                           
8000b260  frexp                          
8000b260  frexpl                         
8000cba0  fseek                          
8000cca0  ftell                          
8000c200  getc                           
8000c580  getdevice                      
80010fd4  hDEFAULT_SPI_CONFIG            
80010ff4  hDEVICE_SPI_MEM_params         
80010ff0  hDEVICE_SPI_config             
8000b420  ldexp                          
8000b420  ldexpl                         
8000e580  lseek                          
80007ce0  main                           
8000b5e0  malloc                         
8000e5e0  memccpy                        
8000e040  memcpy                         
8000d4c0  memset                         
8000a900  open                           
80011470  parmbuf                        
8000d5a0  printf                         
8000b0a0  putc                           
8000e640  read                           
8000e380  remove                         
8000b420  scalbn                         
8000b420  scalbnl                        
8000d680  scanf                          
8000b7a0  setvbuf                        
8000e6a0  strcmp                         
80006080  strtod                         
800092a0  strtol                         
80006080  strtold                        
800081e0  strtoll                        
80009940  strtoul                        
800086a0  strtoull                       
8000cda0  ungetc                         
8000e380  unlink                         
8000e8c0  wcslen                         
8000e760  write                          


GLOBAL SYMBOLS: SORTED BY Symbol Address 

address   name                           
-------   ----                           
00001000  __TI_STACK_SIZE                
00001000  __TI_SYSMEM_SIZE               
04000000  EXTERNAL_RAM_SIZE              
80000000  __TI_printfi                   
800020c0  __TI_scanfi                    
80004140  DEVICE_init                    
800041a0  DEVICE_chipRevIDType           
800041c8  DEVICE_LPSCTransition          
8000432c  DEVICE_pinmuxControl           
80004368  DEVICE_PSCInit                 
800045d8  DEVICE_kickUnlock              
8000460c  DEVICE_kickLock                
8000462c  DEVICE_bootPeripheral          
800046c0  DEVICE_bootMode                
8000470c  DEVICE_emifBusWidth            
80004738  DEVICE_PLL0Init                
800049a4  DEVICE_PLL1Init                
80004b80  DEVICE_ExternalMemInit         
80004d88  DEVICE_AsyncMemInit            
80004e60  DEVICE_SPIInit                 
80004f48  DEVICE_UARTInit                
80005060  DEVICE_I2CInit                 
80005114  DEVICE_SDMMCInit               
80005218  DEVICE_TIMER0Init              
80005224  DEVICE_TIMER0Start             
8000522c  DEVICE_TIMER0Stop              
80005234  DEVICE_TIMER0Status            
80005240  SPI_MEM_open                   
80005524  SPI_MEM_readBytes              
800055a8  SPI_MEM_writeBytes             
80005760  SPI_MEM_verifyBytes            
800057ec  SPI_MEM_globalErase            
80005844  SPI_MEM_eraseBytes             
80005c80  SPI_MEM_verifyErase            
80006080  strtod                         
80006080  strtold                        
800069a0  SPI_open                       
80006aa8  SPI_reset                      
80006ae0  SPI_readBytes                  
80006bd4  SPI_writeBytes                 
80006cc4  SPI_xferBytes                  
80006da8  SPI_xferOneChar                
80006e20  SPI_enableCS                   
80006e6c  SPI_disableCS                  
800076e0  __c6xabi_divd                  
80007ce0  main                           
800081e0  strtoll                        
800086a0  strtoull                       
80008ee0  free                           
800092a0  strtol                         
80009640  DEBUG_printString              
80009658  DEBUG_printHexInt              
80009684  DEBUG_printInt                 
800096ac  DEBUG_readString               
800096d4  DEBUG_readChar                 
80009700  DEBUG_readHexInt               
80009940  strtoul                        
80009c40  fputs                          
8000a460  __c6xabi_divull                
8000a6c0  fread                          
8000a900  open                           
8000ad20  __c6xabi_divul                 
8000b0a0  fputc                          
8000b0a0  putc                           
8000b260  frexp                          
8000b260  frexpl                         
8000b420  ldexp                          
8000b420  ldexpl                         
8000b420  scalbn                         
8000b420  scalbnl                        
8000b5e0  malloc                         
8000b7a0  setvbuf                        
8000b960  HOSTrename                     
8000bb00  UTIL_getCurrMemPtr             
8000bb0c  UTIL_setCurrMemPtr             
8000bb28  UTIL_allocMem                  
8000bb90  UTIL_callocMem                 
8000bbe4  UTIL_memcpy                    
8000bc30  UTIL_waitLoop                  
8000bc6c  UTIL_waitLoopAccurate          
8000be20  __TI_buff_read                 
8000c200  fgetc                          
8000c200  getc                           
8000c460  fopen                          
8000c580  getdevice                      
8000c6a0  __TI_closefile                 
8000c9a0  atoi                           
8000caa0  fflush                         
8000cba0  fseek                          
8000cca0  ftell                          
8000cda0  ungetc                         
8000cea0  HOSTlseek                      
8000cf80  HOSTopen                       
8000d060  HOSTwrite                      
8000d140  __TI_ltoa                      
8000d220  __TI_wrt_ok                    
8000d300  close                          
8000d3e0  exit                           
8000d4c0  memset                         
8000d5a0  printf                         
8000d680  scanf                          
8000d760  HOSTread                       
8000d820  HOSTunlink                     
8000d8e0  __TI_auto_init_nobinit_nopinit 
8000d9a0  __c6xabi_divu                  
8000d9a0  __divu                         
8000db20  __TI_tls_init                  
8000dbe0  HOSTclose                      
8000dc80  __TI_cleanup                   
8000dd20  __TI_doflush                   
8000ddc0  __TI_rd_ok                     
8000de60  __c6xabi_remu                  
8000de60  __remu                         
8000dfa0  finddevice                     
8000e040  memcpy                         
8000e180  __TI_readmsg                   
8000e200  __c6xabi_llshl                 
8000e280  _c_int00                       
8000e300  fclose                         
8000e380  remove                         
8000e380  unlink                         
8000e400  __TI_writemsg                  
8000e458  C$$IO$$                        
8000e460  __c6xabi_llshru                
8000e4c0  __c6xabi_remull                
8000e520  _subcull                       
8000e580  lseek                          
8000e5e0  memccpy                        
8000e640  read                           
8000e6a0  strcmp                         
8000e760  write                          
8000e7c0  __TI_frcmpyd_div               
8000e800  __c6xabi_isinf                 
8000e880  _args_main                     
8000e8c0  wcslen                         
8000e900  __c6xabi_errno_addr            
8000e920  __c6xabi_pop_rts               
8000e920  __pop_rts                      
8000e940  __c6xabi_push_rts              
8000e940  __push_rts                     
8000e980  _nop                           
8000e9e0  _signbit                       
8000ea00  _system_post_cinit             
8000ea20  _system_pre_init               
8000ea60  C$$EXIT                        
8000ea60  abort                          
8000ea80  __TI_decompress_none           
8000eaa0  __TI_decompress_rle24          
8000eac0  _stack                         
8000fac0  __TI_STACK_END                 
8000fac0  _sys_memory                    
80010d70  _ctypes_                       
80010e71  DEFAULT_SPI_CONFIG             
80010f64  DEVICE_SPI_config              
80010fa0  DEVICE_SPI_MEM_params          
80010fd4  hDEFAULT_SPI_CONFIG            
80010fd8  devString                      
80010fe8  DEVICE_SPI_baseAddr            
80010ff0  hDEVICE_SPI_config             
80010ff4  hDEVICE_SPI_MEM_params         
80011008  _ftable                        
800111e8  _stream                        
80011288  _device                        
80011300  __TI_cleanup_ptr               
80011304  __TI_dtors_ptr                 
80011308  __TI_enable_exit_profile_output
80011314  _lock                          
80011318  _unlock                        
8001131c  __TI_ft_end                    
80011320  __errno                        
80011320  errno                          
8001132c  __TI_STATIC_BASE               
80011330  __TI_tmpnams                   
80011470  parmbuf                        
80011478  __CIOBUF_                      
80011724  __TI_Handler_Table_Base        
8001172c  __TI_Handler_Table_Limit       
80011730  __TI_CINIT_Base                
80011748  __TI_CINIT_Limit               
c0000000  EXTERNAL_RAM_START             
c4000000  EXTERNAL_RAM_END               
ffffffff  __TI_pprof_out_hndl            
ffffffff  __TI_prof_data_size            
ffffffff  __TI_prof_data_start           
ffffffff  __binit__                      
ffffffff  __c_args__                     
ffffffff  binit                          
UNDEFED   __TI_TLS_INIT_Base             
UNDEFED   __TI_TLS_INIT_Limit            

[189 symbols]
