******************************************************************************
               TMS320C6x Linker PC v8.3.12                     
******************************************************************************
>> Linked Sun May  8 19:06:20 2022

OUTPUT FILE NAME:   <SPIFlashWriter.out>
ENTRY POINT SYMBOL: "_c_int00"  address: 8000dfa0


MEMORY CONFIGURATION

         name            origin    length      used     unused   attr    fill
----------------------  --------  ---------  --------  --------  ----  --------
  DSPL2RAM              11800000   00040000  00000000  00040000  RWIX
  SHRAM                 80000000   00020000  000113b2  0000ec4e  RWIX
  DDR2                  c0000000   08000000  00000000  08000000  RWIX


SEGMENT ALLOCATION MAP

run origin  load origin   length   init length attrs members
----------  ----------- ---------- ----------- ----- -------
80000000    80000000    0000e7e0   0000e7e0    r-x
  80000000    80000000    0000e7e0   0000e7e0    r-x .text
8000e7e0    8000e7e0    00002000   00000000    rw-
  8000e7e0    8000e7e0    00001000   00000000    rw- .stack
  8000f7e0    8000f7e0    00001000   00000000    rw- .sysmem
800107e0    800107e0    00000496   00000496    r--
  800107e0    800107e0    00000496   00000496    r-- .const
80010c78    80010c78    00000590   00000000    rw-
  80010c78    80010c78    00000324   00000000    rw- .fardata
  80010f9c    80010f9c    00000004   00000000    rw- .bss
  80010fa0    80010fa0    00000148   00000000    rw- .far
  800110e8    800110e8    00000120   00000000    rw- .cio
80011208    80011208    000001b0   000001b0    r--
  80011208    80011208    00000104   00000104    r-- .switch
  80011310    80011310    000000a8   000000a8    r-- .cinit


SECTION ALLOCATION MAP

 output                                  attributes/
section   page    origin      length       input sections
--------  ----  ----------  ----------   ----------------
.text      0    80000000    0000e7e0     
                  80000000    000020c0     rts6740_elf.lib : _printfi.c.obj (.text:__TI_printfi)
                  800020c0    00002080                     : _scanfi.c.obj (.text:__TI_scanfi)
                  80004140    00001100     device.obj (.text)
                  80005240    00000e60     spi_mem.obj (.text)
                  800060a0    00000920     rts6740_elf.lib : strtod.c.obj (.text:strtod)
                  800069c0    000006e0     spi.obj (.text)
                  800070a0    00000660     rts6740_elf.lib : _printfi.c.obj (.text:_pconv_a)
                  80007700    00000600                     : divd.c.obj (.text:__c6xabi_divd)
                  80007d00    000004c0                     : strtoll.c.obj (.text:strtoll)
                  800081c0    00000440     spiwriter.obj (.text)
                  80008600    00000440     rts6740_elf.lib : strtoull.c.obj (.text:strtoull)
                  80008a40    00000400                     : _printfi.c.obj (.text:_pconv_g)
                  80008e40    000003c0                     : memory.c.obj (.text:free)
                  80009200    000003a0                     : strtol.c.obj (.text:strtol)
                  800095a0    00000300     debug.obj (.text)
                  800098a0    00000300     rts6740_elf.lib : strtoul.c.obj (.text:strtoul)
                  80009ba0    000002e0                     : fputs.c.obj (.text:fputs)
                  80009e80    000002a0                     : _printfi.c.obj (.text:_pconv_e)
                  8000a120    000002a0                     : _printfi.c.obj (.text:fcvt)
                  8000a3c0    00000260                     : imath64.c.obj (.text:__c6xabi_divull)
                  8000a620    00000220                     : open.c.obj (.text:open)
                  8000a840    00000200                     : _printfi.c.obj (.text:_ltostr)
                  8000aa40    000001c0                     : imath40.c.obj (.text:__c6xabi_divul)
                  8000ac00    000001c0                     : fopen.c.obj (.text:_openfile)
                  8000adc0    000001c0                     : fputc.c.obj (.text:fputc)
                  8000af80    000001c0                     : frexp.c.obj (.text:frexp)
                  8000b140    000001c0                     : ldexp.c.obj (.text:ldexp)
                  8000b300    000001c0                     : memory.c.obj (.text:malloc)
                  8000b4c0    000001c0                     : setvbuf.c.obj (.text:setvbuf)
                  8000b680    000001a0                     : hostrename.c.obj (.text:HOSTrename)
                  8000b820    000001a0     util.obj (.text)
                  8000b9c0    00000180     rts6740_elf.lib : fscanf.c.obj (.text:_chkmbc)
                  8000bb40    00000160                     : _bufread.c.obj (.text:__TI_buff_read)
                  8000bca0    00000140                     : _scanfi.c.obj (.text:_sproc_str)
                  8000bde0    00000140                     : _scanfi.c.obj (.text:_sproc_wstr)
                  8000bf20    00000140                     : fgetc.c.obj (.text:fgetc)
                  8000c060    00000120                     : _printfi.c.obj (.text:_pconv_f)
                  8000c180    00000120                     : fopen.c.obj (.text:fopen)
                  8000c2a0    00000120                     : getdevice.c.obj (.text:getdevice)
                  8000c3c0    00000100                     : fclose.c.obj (.text:__TI_closefile)
                  8000c4c0    00000100                     : copy_decompress_rle.c.obj (.text:__TI_decompress_rle_core)
                  8000c5c0    00000100                     : _printfi.c.obj (.text:_mcpy)
                  8000c6c0    00000100                     : atoi.c.obj (.text:atoi)
                  8000c7c0    00000100                     : fflush.c.obj (.text:fflush)
                  8000c8c0    00000100                     : fseek.c.obj (.text:fseek)
                  8000c9c0    00000100                     : ftell.c.obj (.text:ftell)
                  8000cac0    00000100                     : ungetc.c.obj (.text:ungetc)
                  8000cbc0    000000e0                     : hostlseek.c.obj (.text:HOSTlseek)
                  8000cca0    000000e0                     : hostopen.c.obj (.text:HOSTopen)
                  8000cd80    000000e0                     : hostwrite.c.obj (.text:HOSTwrite)
                  8000ce60    000000e0                     : _ltoa.c.obj (.text:__TI_ltoa)
                  8000cf40    000000e0                     : _io_perm.c.obj (.text:__TI_wrt_ok)
                  8000d020    000000e0                     : close.c.obj (.text:close)
                  8000d100    000000e0                     : exit.c.obj (.text:exit)
                  8000d1e0    000000e0                     : memset.c.obj (.text:memset)
                  8000d2c0    000000e0                     : printf.c.obj (.text:printf)
                  8000d3a0    000000e0                     : fscanf.c.obj (.text:scanf)
                  8000d480    000000c0                     : hostread.c.obj (.text:HOSTread)
                  8000d540    000000c0                     : hostunlink.c.obj (.text:HOSTunlink)
                  8000d600    000000c0                     : autoinit.c.obj (.text:__TI_auto_init_nobinit_nopinit:__TI_auto_init_nobinit_nopinit)
                  8000d6c0    000000c0                     : divu.asm.obj (.text:__divu)
                  8000d780    000000c0                     : memory.c.obj (.text:mremove)
                  8000d840    000000c0                     : tls.c.obj (.text:tls:init:__TI_tls_init)
                  8000d900    000000a0                     : hostclose.c.obj (.text:HOSTclose)
                  8000d9a0    000000a0                     : fopen.c.obj (.text:__TI_cleanup)
                  8000da40    000000a0                     : fflush.c.obj (.text:__TI_doflush)
                  8000dae0    000000a0                     : _io_perm.c.obj (.text:__TI_rd_ok)
                  8000db80    000000a0                     : remu.asm.obj (.text:__remu)
                  8000dc20    000000a0                     : _printfi.c.obj (.text:_ecpy)
                  8000dcc0    000000a0                     : getdevice.c.obj (.text:finddevice)
                  8000dd60    000000a0                     : memcpy64.asm.obj (.text:memcpy)
                  8000de00    000000a0                     : memory.c.obj (.text:minsert)
                  8000dea0    00000080                     : trgmsg.c.obj (.text:__TI_readmsg)
                  8000df20    00000080                     : llshift.c.obj (.text:__c6xabi_llshl)
                  8000dfa0    00000080                     : boot.c.obj (.text:_c_int00)
                  8000e020    00000080                     : fclose.c.obj (.text:fclose)
                  8000e0a0    00000080                     : unlink.c.obj (.text:unlink)
                  8000e120    00000060                     : trgmsg.c.obj (.text:__TI_writemsg)
                  8000e180    00000060                     : llshift.c.obj (.text:__c6xabi_llshru)
                  8000e1e0    00000060                     : imath64.c.obj (.text:__c6xabi_remull)
                  8000e240    00000060                     : imath64.c.obj (.text:_subcull)
                  8000e2a0    00000060                     : lseek.c.obj (.text:lseek)
                  8000e300    00000060                     : memccpy.c.obj (.text:memccpy)
                  8000e360    00000060                     : read.c.obj (.text:read)
                  8000e3c0    00000060                     : strcmp.c.obj (.text:strcmp)
                  8000e420    00000060                     : _scanfi.c.obj (.text:strrchr)
                  8000e480    00000060                     : write.c.obj (.text:write)
                  8000e4e0    00000040                     : frcmpyd_div.c.obj (.text:__TI_frcmpyd_div)
                  8000e520    00000040                     : isinf.c.obj (.text:__c6xabi_isinf)
                  8000e560    00000040                     : _printfi.c.obj (.text:__c6xabi_isnan)
                  8000e5a0    00000040                     : args_main.c.obj (.text:_args_main)
                  8000e5e0    00000040                     : wcslen.c.obj (.text:wcslen)
                  8000e620    00000020                     : errno.c.obj (.text:__c6xabi_errno_addr)
                  8000e640    00000020                     : push.asm.obj (.text:__pop_rts)
                  8000e660    00000020                     : push.asm.obj (.text:__push_rts)
                  8000e680    00000020                     : fscanf.c.obj (.text:_inpchar)
                  8000e6a0    00000020                     : _lock.c.obj (.text:_nop)
                  8000e6c0    00000020                     : printf.c.obj (.text:_outc)
                  8000e6e0    00000020                     : printf.c.obj (.text:_outs)
                  8000e700    00000020                     : signbit.c.obj (.text:_signbit)
                  8000e720    00000020                     : startup.c.obj (.text:_system_post_cinit)
                  8000e740    00000020                     : pre_init.c.obj (.text:_system_pre_init)
                  8000e760    00000020                     : fscanf.c.obj (.text:_uninpchar)
                  8000e780    00000020                     : exit.c.obj (.text:abort)
                  8000e7a0    00000020                     : copy_decompress_none.c.obj (.text:decompress:none:__TI_decompress_none)
                  8000e7c0    00000020                     : copy_decompress_rle.c.obj (.text:decompress:rle24:__TI_decompress_rle24)

.stack     0    8000e7e0    00001000     UNINITIALIZED
                  8000e7e0    00000008     rts6740_elf.lib : boot.c.obj (.stack)
                  8000e7e8    00000ff8     --HOLE--

.cio       0    800110e8    00000120     UNINITIALIZED
                  800110e8    00000120     rts6740_elf.lib : trgmsg.c.obj (.cio)

.const     0    800107e0    00000496     
                  800107e0    00000218     spiwriter.obj (.const:.string)
                  800109f8    00000101     rts6740_elf.lib : ctype.c.obj (.const:.string:_ctypes_)
                  80010af9    00000003     --HOLE-- [fill = 0]
                  80010afc    00000004     spi_mem.obj (.const:.string)
                  80010b00    00000080     rts6740_elf.lib : strtod.c.obj (.const:digits)
                  80010b80    00000048                     : strtod.c.obj (.const:powerof10)
                  80010bc8    00000024                     : _printfi.c.obj (.const:.string)
                  80010bec    00000004     spi.obj (.const:DEFAULT_SPI_CONFIG)
                  80010bf0    00000020     device.obj (.const:.string:LOCAL_bootModeLUT)
                  80010c10    00000014     device_spi.obj (.const:DEVICE_SPI_MEM_params)
                  80010c24    00000010     debug.obj (.const:.string)
                  80010c34    00000010     rts6740_elf.lib : _scanfi.c.obj (.const:.string)
                  80010c44    00000004     device_spi.obj (.const:DEVICE_SPI_config)
                  80010c48    0000000a     device.obj (.const:.string:devString)
                  80010c52    00000002     --HOLE-- [fill = 0]
                  80010c54    00000004     spi.obj (.const)
                  80010c58    00000008     device_spi.obj (.const:DEVICE_SPI_baseAddr)
                  80010c60    00000008     device_spi.obj (.const)
                  80010c68    00000007     rts6740_elf.lib : _scanfi.c.obj (.const:.string:flit$1)
                  80010c6f    00000001     --HOLE-- [fill = 0]
                  80010c70    00000006                     : _scanfi.c.obj (.const:.string:barr$2)

.sysmem    0    8000f7e0    00001000     UNINITIALIZED
                  8000f7e0    00000008     rts6740_elf.lib : memory.c.obj (.sysmem)
                  8000f7e8    00000ff8     --HOLE--

.switch    0    80011208    00000104     
                  80011208    0000005c     rts6740_elf.lib : _scanfi.c.obj (.switch:__TI_scanfi)
                  80011264    00000050     device.obj (.switch:DEVICE_bootPeripheral)
                  800112b4    00000038     rts6740_elf.lib : _printfi.c.obj (.switch:__TI_printfi)
                  800112ec    00000020     spi.obj (.switch:LOCAL_setupMode)

.cinit     0    80011310    000000a8     
                  80011310    0000006f     (.cinit..fardata.load) [load image, compression = rle]
                  8001137f    0000000b     (.cinit..far.load) [load image, compression = rle]
                  8001138a    00000009     (.cinit..bss.load) [load image, compression = rle]
                  80011393    00000001     --HOLE-- [fill = 0]
                  80011394    00000008     (__TI_handler_table)
                  8001139c    00000004     --HOLE-- [fill = 0]
                  800113a0    00000018     (__TI_cinit_table)

.init_array 
*          0    80000000    00000000     UNINITIALIZED

.fardata   0    80010c78    00000324     UNINITIALIZED
                  80010c78    000001e0     rts6740_elf.lib : defs.c.obj (.fardata:_ftable)
                  80010e58    000000a0                     : write.c.obj (.fardata:_stream)
                  80010ef8    00000078                     : write.c.obj (.fardata:_device)
                  80010f70    0000000c                     : exit.c.obj (.fardata)
                  80010f7c    00000008                     : memory.c.obj (.fardata)
                  80010f84    00000004                     : _lock.c.obj (.fardata:_lock)
                  80010f88    00000004                     : _lock.c.obj (.fardata:_unlock)
                  80010f8c    00000004                     : defs.c.obj (.fardata)
                  80010f90    00000004                     : errno.c.obj (.fardata)
                  80010f94    00000004                     : fopen.c.obj (.fardata)
                  80010f98    00000004                     : open.c.obj (.fardata)

.neardata 
*          0    80010f9c    00000000     UNINITIALIZED

.rodata    0    80010f9c    00000000     UNINITIALIZED

.bss       0    80010f9c    00000004     UNINITIALIZED
                  80010f9c    00000004     util.obj (.bss)

.far       0    80010fa0    00000148     UNINITIALIZED
                  80010fa0    00000140     (.common:__TI_tmpnams)
                  800110e0    00000008     (.common:parmbuf)

.extram    0    c0000000    04000000     DSECT
                  c0000000    04000000     --HOLE--

MODULE SUMMARY

       Module                       code    ro data   rw data
       ------                       ----    -------   -------
    .\
       device.obj                   4352    122       0      
       spi_mem.obj                  3680    4         0      
       spi.obj                      1760    40        0      
       spiwriter.obj                1088    536       0      
       debug.obj                    768     16        0      
       util.obj                     416     0         4      
       device_spi.obj               0       40        0      
    +--+----------------------------+-------+---------+---------+
       Total:                       12064   758       4      
                                                             
    C:\ti\ti-cgt-c6000_8.3.12\lib\rts6740_elf.lib
       _printfi.c.obj               13664   92        0      
       _scanfi.c.obj                9056    121       0      
       strtod.c.obj                 2336    200       0      
       memory.c.obj                 1760    0         8      
       divd.c.obj                   1536    0         0      
       strtoll.c.obj                1216    0         0      
       strtoull.c.obj               1088    0         0      
       strtol.c.obj                 928     0         0      
       fopen.c.obj                  896     0         4      
       defs.c.obj                   0       0         804    
       imath64.c.obj                800     0         0      
       strtoul.c.obj                768     0         0      
       fputs.c.obj                  736     0         0      
       fscanf.c.obj                 672     0         0      
       open.c.obj                   544     0         4      
       trgmsg.c.obj                 224     0         288    
       fputc.c.obj                  448     0         0      
       frexp.c.obj                  448     0         0      
       getdevice.c.obj              448     0         0      
       imath40.c.obj                448     0         0      
       ldexp.c.obj                  448     0         0      
       setvbuf.c.obj                448     0         0      
       fflush.c.obj                 416     0         0      
       hostrename.c.obj             416     0         0      
       _io_perm.c.obj               384     0         0      
       fclose.c.obj                 384     0         0      
       write.c.obj                  96      0         280    
       _bufread.c.obj               352     0         0      
       fgetc.c.obj                  320     0         0      
       copy_decompress_rle.c.obj    288     0         0      
       printf.c.obj                 288     0         0      
       exit.c.obj                   256     0         12     
       ctype.c.obj                  0       257       0      
       atoi.c.obj                   256     0         0      
       fseek.c.obj                  256     0         0      
       ftell.c.obj                  256     0         0      
       ungetc.c.obj                 256     0         0      
       hostopen.c.obj               224     0         8      
       _ltoa.c.obj                  224     0         0      
       close.c.obj                  224     0         0      
       hostlseek.c.obj              224     0         0      
       hostwrite.c.obj              224     0         0      
       llshift.c.obj                224     0         0      
       memset.c.obj                 224     0         0      
       autoinit.c.obj               192     0         0      
       divu.asm.obj                 192     0         0      
       hostread.c.obj               192     0         0      
       hostunlink.c.obj             192     0         0      
       tls.c.obj                    192     0         0      
       hostclose.c.obj              160     0         0      
       memcpy64.asm.obj             160     0         0      
       remu.asm.obj                 160     0         0      
       boot.c.obj                   128     0         0      
       unlink.c.obj                 128     0         0      
       lseek.c.obj                  96      0         0      
       memccpy.c.obj                96      0         0      
       read.c.obj                   96      0         0      
       strcmp.c.obj                 96      0         0      
       args_main.c.obj              64      0         0      
       frcmpyd_div.c.obj            64      0         0      
       isinf.c.obj                  64      0         0      
       push.asm.obj                 64      0         0      
       wcslen.c.obj                 64      0         0      
       _lock.c.obj                  32      0         8      
       errno.c.obj                  32      0         4      
       copy_decompress_none.c.obj   32      0         0      
       pre_init.c.obj               32      0         0      
       signbit.c.obj                32      0         0      
       startup.c.obj                32      0         0      
    +--+----------------------------+-------+---------+---------+
       Total:                       47296   670       1420   
                                                             
       Heap:                        0       0         4096   
       Stack:                       0       0         4096   
       Linker Generated:            0       163       0      
    +--+----------------------------+-------+---------+---------+
       Grand Total:                 59360   1591      9616   


LINKER GENERATED COPY TABLES

__TI_cinit_table @ 800113a0 records: 3, size/record: 8, table size: 24
	.fardata: load addr=80011310, load size=0000006f bytes, run addr=80010c78, run size=00000324 bytes, compression=rle
	.far: load addr=8001137f, load size=0000000b bytes, run addr=80010fa0, run size=00000148 bytes, compression=rle
	.bss: load addr=8001138a, load size=00000009 bytes, run addr=80010f9c, run size=00000004 bytes, compression=rle


LINKER GENERATED HANDLER TABLE

__TI_handler_table @ 80011394 records: 2, size/record: 4, table size: 8
	index: 0, handler: __TI_decompress_rle24
	index: 1, handler: __TI_decompress_none


GLOBAL SYMBOLS: SORTED ALPHABETICALLY BY Name 

address   name                           
-------   ----                           
8000e780  C$$EXIT                        
8000e178  C$$IO$$                        
800095b8  DEBUG_printHexInt              
800095e4  DEBUG_printInt                 
800095a0  DEBUG_printString              
80009634  DEBUG_readChar                 
80009660  DEBUG_readHexInt               
8000960c  DEBUG_readString               
80010bec  DEFAULT_SPI_CONFIG             
80004d88  DEVICE_AsyncMemInit            
80004b80  DEVICE_ExternalMemInit         
80005060  DEVICE_I2CInit                 
800041c8  DEVICE_LPSCTransition          
80004738  DEVICE_PLL0Init                
800049a4  DEVICE_PLL1Init                
80004368  DEVICE_PSCInit                 
80005114  DEVICE_SDMMCInit               
80004e60  DEVICE_SPIInit                 
80010c10  DEVICE_SPI_MEM_params          
80010c58  DEVICE_SPI_baseAddr            
80010c44  DEVICE_SPI_config              
80005218  DEVICE_TIMER0Init              
80005224  DEVICE_TIMER0Start             
80005234  DEVICE_TIMER0Status            
8000522c  DEVICE_TIMER0Stop              
80004f48  DEVICE_UARTInit                
800046c0  DEVICE_bootMode                
8000462c  DEVICE_bootPeripheral          
800041a0  DEVICE_chipRevIDType           
8000470c  DEVICE_emifBusWidth            
80004140  DEVICE_init                    
8000460c  DEVICE_kickLock                
800045d8  DEVICE_kickUnlock              
8000432c  DEVICE_pinmuxControl           
c4000000  EXTERNAL_RAM_END               
04000000  EXTERNAL_RAM_SIZE              
c0000000  EXTERNAL_RAM_START             
8000d900  HOSTclose                      
8000cbc0  HOSTlseek                      
8000cca0  HOSTopen                       
8000d480  HOSTread                       
8000b680  HOSTrename                     
8000d540  HOSTunlink                     
8000cd80  HOSTwrite                      
80005844  SPI_MEM_eraseBytes             
800057ec  SPI_MEM_globalErase            
80005240  SPI_MEM_open                   
80005524  SPI_MEM_readBytes              
80005760  SPI_MEM_verifyBytes            
80005c90  SPI_MEM_verifyErase            
800055a8  SPI_MEM_writeBytes             
80006e8c  SPI_disableCS                  
80006e40  SPI_enableCS                   
800069c0  SPI_open                       
80006b00  SPI_readBytes                  
80006ac8  SPI_reset                      
80006bf4  SPI_writeBytes                 
80006ce4  SPI_xferBytes                  
80006dc8  SPI_xferOneChar                
8000b848  UTIL_allocMem                  
8000b8b0  UTIL_callocMem                 
8000b820  UTIL_getCurrMemPtr             
8000b904  UTIL_memcpy                    
8000b82c  UTIL_setCurrMemPtr             
8000b950  UTIL_waitLoop                  
8000b98c  UTIL_waitLoopAccurate          
800110e8  __CIOBUF_                      
800113a0  __TI_CINIT_Base                
800113b8  __TI_CINIT_Limit               
80011394  __TI_Handler_Table_Base        
8001139c  __TI_Handler_Table_Limit       
8000f7e0  __TI_STACK_END                 
00001000  __TI_STACK_SIZE                
80010f9c  __TI_STATIC_BASE               
00001000  __TI_SYSMEM_SIZE               
UNDEFED   __TI_TLS_INIT_Base             
UNDEFED   __TI_TLS_INIT_Limit            
8000d600  __TI_auto_init_nobinit_nopinit 
8000bb40  __TI_buff_read                 
8000d9a0  __TI_cleanup                   
80010f70  __TI_cleanup_ptr               
8000c3c0  __TI_closefile                 
8000e7a0  __TI_decompress_none           
8000e7c0  __TI_decompress_rle24          
8000da40  __TI_doflush                   
80010f74  __TI_dtors_ptr                 
80010f78  __TI_enable_exit_profile_output
8000e4e0  __TI_frcmpyd_div               
80010f8c  __TI_ft_end                    
8000ce60  __TI_ltoa                      
ffffffff  __TI_pprof_out_hndl            
80000000  __TI_printfi                   
ffffffff  __TI_prof_data_size            
ffffffff  __TI_prof_data_start           
8000dae0  __TI_rd_ok                     
8000dea0  __TI_readmsg                   
800020c0  __TI_scanfi                    
8000d840  __TI_tls_init                  
80010fa0  __TI_tmpnams                   
8000e120  __TI_writemsg                  
8000cf40  __TI_wrt_ok                    
ffffffff  __binit__                      
80007700  __c6xabi_divd                  
8000d6c0  __c6xabi_divu                  
8000aa40  __c6xabi_divul                 
8000a3c0  __c6xabi_divull                
8000e620  __c6xabi_errno_addr            
8000e520  __c6xabi_isinf                 
8000df20  __c6xabi_llshl                 
8000e180  __c6xabi_llshru                
8000e640  __c6xabi_pop_rts               
8000e660  __c6xabi_push_rts              
8000db80  __c6xabi_remu                  
8000e1e0  __c6xabi_remull                
ffffffff  __c_args__                     
8000d6c0  __divu                         
80010f90  __errno                        
8000e640  __pop_rts                      
8000e660  __push_rts                     
8000db80  __remu                         
8000e5a0  _args_main                     
8000dfa0  _c_int00                       
800109f8  _ctypes_                       
80010ef8  _device                        
80010c78  _ftable                        
80010f84  _lock                          
8000e6a0  _nop                           
8000e700  _signbit                       
8000e7e0  _stack                         
80010e58  _stream                        
8000e240  _subcull                       
8000f7e0  _sys_memory                    
8000e720  _system_post_cinit             
8000e740  _system_pre_init               
80010f88  _unlock                        
8000e780  abort                          
8000c6c0  atoi                           
ffffffff  binit                          
8000d020  close                          
80010c48  devString                      
80010f90  errno                          
8000d100  exit                           
8000e020  fclose                         
8000c7c0  fflush                         
8000bf20  fgetc                          
8000dcc0  finddevice                     
8000c180  fopen                          
8000adc0  fputc                          
80009ba0  fputs                          
80008e40  free                           
8000af80  frexp                          
8000af80  frexpl                         
8000c8c0  fseek                          
8000c9c0  ftell                          
8000bf20  getc                           
8000c2a0  getdevice                      
80010c54  hDEFAULT_SPI_CONFIG            
80010c64  hDEVICE_SPI_MEM_params         
80010c60  hDEVICE_SPI_config             
8000b140  ldexp                          
8000b140  ldexpl                         
8000e2a0  lseek                          
800081c0  main                           
8000b300  malloc                         
8000e300  memccpy                        
8000dd60  memcpy                         
8000d1e0  memset                         
8000a620  open                           
800110e0  parmbuf                        
8000d2c0  printf                         
8000adc0  putc                           
8000e360  read                           
8000e0a0  remove                         
8000b140  scalbn                         
8000b140  scalbnl                        
8000d3a0  scanf                          
8000b4c0  setvbuf                        
8000e3c0  strcmp                         
800060a0  strtod                         
80009200  strtol                         
800060a0  strtold                        
80007d00  strtoll                        
800098a0  strtoul                        
80008600  strtoull                       
8000cac0  ungetc                         
8000e0a0  unlink                         
8000e5e0  wcslen                         
8000e480  write                          


GLOBAL SYMBOLS: SORTED BY Symbol Address 

address   name                           
-------   ----                           
00001000  __TI_STACK_SIZE                
00001000  __TI_SYSMEM_SIZE               
04000000  EXTERNAL_RAM_SIZE              
80000000  __TI_printfi                   
800020c0  __TI_scanfi                    
80004140  DEVICE_init                    
800041a0  DEVICE_chipRevIDType           
800041c8  DEVICE_LPSCTransition          
8000432c  DEVICE_pinmuxControl           
80004368  DEVICE_PSCInit                 
800045d8  DEVICE_kickUnlock              
8000460c  DEVICE_kickLock                
8000462c  DEVICE_bootPeripheral          
800046c0  DEVICE_bootMode                
8000470c  DEVICE_emifBusWidth            
80004738  DEVICE_PLL0Init                
800049a4  DEVICE_PLL1Init                
80004b80  DEVICE_ExternalMemInit         
80004d88  DEVICE_AsyncMemInit            
80004e60  DEVICE_SPIInit                 
80004f48  DEVICE_UARTInit                
80005060  DEVICE_I2CInit                 
80005114  DEVICE_SDMMCInit               
80005218  DEVICE_TIMER0Init              
80005224  DEVICE_TIMER0Start             
8000522c  DEVICE_TIMER0Stop              
80005234  DEVICE_TIMER0Status            
80005240  SPI_MEM_open                   
80005524  SPI_MEM_readBytes              
800055a8  SPI_MEM_writeBytes             
80005760  SPI_MEM_verifyBytes            
800057ec  SPI_MEM_globalErase            
80005844  SPI_MEM_eraseBytes             
80005c90  SPI_MEM_verifyErase            
800060a0  strtod                         
800060a0  strtold                        
800069c0  SPI_open                       
80006ac8  SPI_reset                      
80006b00  SPI_readBytes                  
80006bf4  SPI_writeBytes                 
80006ce4  SPI_xferBytes                  
80006dc8  SPI_xferOneChar                
80006e40  SPI_enableCS                   
80006e8c  SPI_disableCS                  
80007700  __c6xabi_divd                  
80007d00  strtoll                        
800081c0  main                           
80008600  strtoull                       
80008e40  free                           
80009200  strtol                         
800095a0  DEBUG_printString              
800095b8  DEBUG_printHexInt              
800095e4  DEBUG_printInt                 
8000960c  DEBUG_readString               
80009634  DEBUG_readChar                 
80009660  DEBUG_readHexInt               
800098a0  strtoul                        
80009ba0  fputs                          
8000a3c0  __c6xabi_divull                
8000a620  open                           
8000aa40  __c6xabi_divul                 
8000adc0  fputc                          
8000adc0  putc                           
8000af80  frexp                          
8000af80  frexpl                         
8000b140  ldexp                          
8000b140  ldexpl                         
8000b140  scalbn                         
8000b140  scalbnl                        
8000b300  malloc                         
8000b4c0  setvbuf                        
8000b680  HOSTrename                     
8000b820  UTIL_getCurrMemPtr             
8000b82c  UTIL_setCurrMemPtr             
8000b848  UTIL_allocMem                  
8000b8b0  UTIL_callocMem                 
8000b904  UTIL_memcpy                    
8000b950  UTIL_waitLoop                  
8000b98c  UTIL_waitLoopAccurate          
8000bb40  __TI_buff_read                 
8000bf20  fgetc                          
8000bf20  getc                           
8000c180  fopen                          
8000c2a0  getdevice                      
8000c3c0  __TI_closefile                 
8000c6c0  atoi                           
8000c7c0  fflush                         
8000c8c0  fseek                          
8000c9c0  ftell                          
8000cac0  ungetc                         
8000cbc0  HOSTlseek                      
8000cca0  HOSTopen                       
8000cd80  HOSTwrite                      
8000ce60  __TI_ltoa                      
8000cf40  __TI_wrt_ok                    
8000d020  close                          
8000d100  exit                           
8000d1e0  memset                         
8000d2c0  printf                         
8000d3a0  scanf                          
8000d480  HOSTread                       
8000d540  HOSTunlink                     
8000d600  __TI_auto_init_nobinit_nopinit 
8000d6c0  __c6xabi_divu                  
8000d6c0  __divu                         
8000d840  __TI_tls_init                  
8000d900  HOSTclose                      
8000d9a0  __TI_cleanup                   
8000da40  __TI_doflush                   
8000dae0  __TI_rd_ok                     
8000db80  __c6xabi_remu                  
8000db80  __remu                         
8000dcc0  finddevice                     
8000dd60  memcpy                         
8000dea0  __TI_readmsg                   
8000df20  __c6xabi_llshl                 
8000dfa0  _c_int00                       
8000e020  fclose                         
8000e0a0  remove                         
8000e0a0  unlink                         
8000e120  __TI_writemsg                  
8000e178  C$$IO$$                        
8000e180  __c6xabi_llshru                
8000e1e0  __c6xabi_remull                
8000e240  _subcull                       
8000e2a0  lseek                          
8000e300  memccpy                        
8000e360  read                           
8000e3c0  strcmp                         
8000e480  write                          
8000e4e0  __TI_frcmpyd_div               
8000e520  __c6xabi_isinf                 
8000e5a0  _args_main                     
8000e5e0  wcslen                         
8000e620  __c6xabi_errno_addr            
8000e640  __c6xabi_pop_rts               
8000e640  __pop_rts                      
8000e660  __c6xabi_push_rts              
8000e660  __push_rts                     
8000e6a0  _nop                           
8000e700  _signbit                       
8000e720  _system_post_cinit             
8000e740  _system_pre_init               
8000e780  C$$EXIT                        
8000e780  abort                          
8000e7a0  __TI_decompress_none           
8000e7c0  __TI_decompress_rle24          
8000e7e0  _stack                         
8000f7e0  __TI_STACK_END                 
8000f7e0  _sys_memory                    
800109f8  _ctypes_                       
80010bec  DEFAULT_SPI_CONFIG             
80010c10  DEVICE_SPI_MEM_params          
80010c44  DEVICE_SPI_config              
80010c48  devString                      
80010c54  hDEFAULT_SPI_CONFIG            
80010c58  DEVICE_SPI_baseAddr            
80010c60  hDEVICE_SPI_config             
80010c64  hDEVICE_SPI_MEM_params         
80010c78  _ftable                        
80010e58  _stream                        
80010ef8  _device                        
80010f70  __TI_cleanup_ptr               
80010f74  __TI_dtors_ptr                 
80010f78  __TI_enable_exit_profile_output
80010f84  _lock                          
80010f88  _unlock                        
80010f8c  __TI_ft_end                    
80010f90  __errno                        
80010f90  errno                          
80010f9c  __TI_STATIC_BASE               
80010fa0  __TI_tmpnams                   
800110e0  parmbuf                        
800110e8  __CIOBUF_                      
80011394  __TI_Handler_Table_Base        
8001139c  __TI_Handler_Table_Limit       
800113a0  __TI_CINIT_Base                
800113b8  __TI_CINIT_Limit               
c0000000  EXTERNAL_RAM_START             
c4000000  EXTERNAL_RAM_END               
ffffffff  __TI_pprof_out_hndl            
ffffffff  __TI_prof_data_size            
ffffffff  __TI_prof_data_start           
ffffffff  __binit__                      
ffffffff  __c_args__                     
ffffffff  binit                          
UNDEFED   __TI_TLS_INIT_Base             
UNDEFED   __TI_TLS_INIT_Limit            

[188 symbols]
